

================================================================
== Vitis HLS Report for 'cordic'
================================================================
* Date:           Mon Oct  3 15:59:49 2022

* Version:        2020.2 (Build 3064766 on Wed Nov 18 09:12:47 MST 2020)
* Project:        cordic
* Solution:       s_pipeline_func (Vivado IP Flow Target)
* Product family: zynq
* Target device:  xc7z010-clg400-1


================================================================
== Performance Estimates
================================================================
+ Timing: 
    * Summary: 
    +--------+----------+----------+------------+
    |  Clock |  Target  | Estimated| Uncertainty|
    +--------+----------+----------+------------+
    |ap_clk  |  10.00 ns|  6.814 ns|     2.70 ns|
    +--------+----------+----------+------------+

+ Latency: 
    * Summary: 
    +---------+---------+----------+----------+-----+-----+---------+
    |  Latency (cycles) |  Latency (absolute) |  Interval | Pipeline|
    |   min   |   max   |    min   |    max   | min | max |   Type  |
    +---------+---------+----------+----------+-----+-----+---------+
    |       13|       13|  0.130 us|  0.130 us|    1|    1|      yes|
    +---------+---------+----------+----------+-----+-----+---------+

    + Detail: 
        * Instance: 
        N/A

        * Loop: 
        N/A



================================================================
== Utilization Estimates
================================================================
* Summary: 
+-----------------+---------+----+-------+-------+-----+
|       Name      | BRAM_18K| DSP|   FF  |  LUT  | URAM|
+-----------------+---------+----+-------+-------+-----+
|DSP              |        -|   -|      -|      -|    -|
|Expression       |        -|   -|      0|   2416|    -|
|FIFO             |        -|   -|      -|      -|    -|
|Instance         |        -|   -|      -|      -|    -|
|Memory           |        -|   -|      -|      -|    -|
|Multiplexer      |        -|   -|      -|     14|    -|
|Register         |        -|   -|   1181|    320|    -|
+-----------------+---------+----+-------+-------+-----+
|Total            |        0|   0|   1181|   2750|    0|
+-----------------+---------+----+-------+-------+-----+
|Available        |      120|  80|  35200|  17600|    0|
+-----------------+---------+----+-------+-------+-----+
|Utilization (%)  |        0|   0|      3|     15|    0|
+-----------------+---------+----+-------+-------+-----+

+ Detail: 
    * Instance: 
    N/A

    * DSP: 
    N/A

    * Memory: 
    N/A

    * FIFO: 
    N/A

    * Expression: 
    +-----------------------------+----------+----+---+----+------------+------------+
    |        Variable Name        | Operation| DSP| FF| LUT| Bitwidth P0| Bitwidth P1|
    +-----------------------------+----------+----+---+----+------------+------------+
    |add_ln1496_10_fu_491_p2      |         +|   0|  0|  17|          17|           9|
    |add_ln1496_11_fu_496_p2      |         +|   0|  0|  17|          17|          17|
    |add_ln1496_12_fu_731_p2      |         +|   0|  0|  17|          17|           8|
    |add_ln1496_13_fu_736_p2      |         +|   0|  0|  17|          17|          17|
    |add_ln1496_14_fu_891_p2      |         +|   0|  0|  17|          17|           7|
    |add_ln1496_15_fu_896_p2      |         +|   0|  0|  17|          17|          17|
    |add_ln1496_16_fu_1051_p2     |         +|   0|  0|  17|          17|           6|
    |add_ln1496_17_fu_1056_p2     |         +|   0|  0|  17|          17|          17|
    |add_ln1496_18_fu_1211_p2     |         +|   0|  0|  17|          17|           5|
    |add_ln1496_19_fu_1216_p2     |         +|   0|  0|  17|          17|          17|
    |add_ln1496_1_fu_326_p2       |         +|   0|  0|  17|          17|          17|
    |add_ln1496_20_fu_1351_p2     |         +|   0|  0|  17|          17|           5|
    |add_ln1496_21_fu_1356_p2     |         +|   0|  0|  17|          17|          17|
    |add_ln1496_22_fu_1445_p2     |         +|   0|  0|  17|          17|           3|
    |add_ln1496_23_fu_1450_p2     |         +|   0|  0|  17|          17|          17|
    |add_ln1496_24_fu_1568_p2     |         +|   0|  0|  17|          17|           3|
    |add_ln1496_25_fu_1573_p2     |         +|   0|  0|  17|          17|          17|
    |add_ln1496_2_fu_355_p2       |         +|   0|  0|  17|          17|          13|
    |add_ln1496_3_fu_360_p2       |         +|   0|  0|  17|          17|          17|
    |add_ln1496_4_fu_389_p2       |         +|   0|  0|  17|          17|          12|
    |add_ln1496_5_fu_394_p2       |         +|   0|  0|  17|          17|          17|
    |add_ln1496_6_fu_423_p2       |         +|   0|  0|  17|          17|          11|
    |add_ln1496_7_fu_428_p2       |         +|   0|  0|  17|          17|          17|
    |add_ln1496_8_fu_457_p2       |         +|   0|  0|  17|          17|          10|
    |add_ln1496_9_fu_462_p2       |         +|   0|  0|  17|          17|          17|
    |add_ln1496_fu_321_p2         |         +|   0|  0|  17|          17|          14|
    |add_ln68_fu_292_p2           |         +|   0|  0|  24|          17|          17|
    |add_ln703_10_fu_1249_p2      |         +|   0|  0|  23|          16|          16|
    |add_ln703_11_fu_774_p2       |         +|   0|  0|  23|          16|          16|
    |add_ln703_12_fu_1409_p2      |         +|   0|  0|  23|          16|          16|
    |add_ln703_13_fu_1498_p2      |         +|   0|  0|  23|          16|          16|
    |add_ln703_14_fu_1597_p2      |         +|   0|  0|  23|          16|          16|
    |add_ln703_15_fu_838_p2       |         +|   0|  0|  23|          16|          16|
    |add_ln703_16_fu_934_p2       |         +|   0|  0|  23|          16|          16|
    |add_ln703_17_fu_998_p2       |         +|   0|  0|  23|          16|          16|
    |add_ln703_18_fu_1094_p2      |         +|   0|  0|  23|          16|          16|
    |add_ln703_19_fu_1158_p2      |         +|   0|  0|  23|          16|          16|
    |add_ln703_1_fu_608_p2        |         +|   0|  0|  20|          15|          15|
    |add_ln703_20_fu_1254_p2      |         +|   0|  0|  23|          16|          16|
    |add_ln703_21_fu_1312_p2      |         +|   0|  0|  23|          16|          16|
    |add_ln703_22_fu_1318_p2      |         +|   0|  0|  23|          16|          16|
    |add_ln703_23_fu_1414_p2      |         +|   0|  0|  23|          16|          16|
    |add_ln703_24_fu_1504_p2      |         +|   0|  0|  23|          16|          16|
    |add_ln703_25_fu_1602_p2      |         +|   0|  0|  23|          16|          16|
    |add_ln703_2_fu_672_p2        |         +|   0|  0|  23|          16|          16|
    |add_ln703_3_fu_678_p2        |         +|   0|  0|  23|          16|          16|
    |add_ln703_4_fu_769_p2        |         +|   0|  0|  23|          16|          16|
    |add_ln703_5_fu_832_p2        |         +|   0|  0|  23|          16|          16|
    |add_ln703_6_fu_929_p2        |         +|   0|  0|  23|          16|          16|
    |add_ln703_7_fu_992_p2        |         +|   0|  0|  23|          16|          16|
    |add_ln703_8_fu_1089_p2       |         +|   0|  0|  23|          16|          16|
    |add_ln703_9_fu_1152_p2       |         +|   0|  0|  23|          16|          16|
    |add_ln703_fu_602_p2          |         +|   0|  0|  23|          16|          16|
    |alpha_V_1_fu_224_p2          |         -|   0|  0|  24|          17|          17|
    |alpha_V_fu_212_p2            |         -|   0|  0|  24|          16|          17|
    |grp_fu_200_p2                |         -|   0|  0|  23|           1|          16|
    |sub_ln703_10_fu_826_p2       |         -|   0|  0|  23|          16|          16|
    |sub_ln703_11_fu_844_p2       |         -|   0|  0|  23|          16|          16|
    |sub_ln703_12_fu_924_p2       |         -|   0|  0|  23|          16|          16|
    |sub_ln703_13_fu_939_p2       |         -|   0|  0|  23|          16|          16|
    |sub_ln703_14_fu_986_p2       |         -|   0|  0|  23|          16|          16|
    |sub_ln703_15_fu_1004_p2      |         -|   0|  0|  23|          16|          16|
    |sub_ln703_16_fu_1084_p2      |         -|   0|  0|  23|          16|          16|
    |sub_ln703_17_fu_1099_p2      |         -|   0|  0|  23|          16|          16|
    |sub_ln703_18_fu_1146_p2      |         -|   0|  0|  23|          16|          16|
    |sub_ln703_19_fu_1164_p2      |         -|   0|  0|  23|          16|          16|
    |sub_ln703_20_fu_1244_p2      |         -|   0|  0|  23|          16|          16|
    |sub_ln703_21_fu_1259_p2      |         -|   0|  0|  23|          16|          16|
    |sub_ln703_22_fu_1306_p2      |         -|   0|  0|  23|          16|          16|
    |sub_ln703_23_fu_1324_p2      |         -|   0|  0|  23|          16|          16|
    |sub_ln703_24_fu_1404_p2      |         -|   0|  0|  23|          16|          16|
    |sub_ln703_25_fu_1419_p2      |         -|   0|  0|  23|          16|          16|
    |sub_ln703_26_fu_1492_p2      |         -|   0|  0|  23|          16|          16|
    |sub_ln703_27_fu_1510_p2      |         -|   0|  0|  23|          16|          16|
    |sub_ln703_28_fu_1592_p2      |         -|   0|  0|  23|          16|          16|
    |sub_ln703_29_fu_1607_p2      |         -|   0|  0|  23|          16|          16|
    |sub_ln703_4_fu_596_p2        |         -|   0|  0|  20|          15|          15|
    |sub_ln703_5_fu_614_p2        |         -|   0|  0|  23|          16|          16|
    |sub_ln703_6_fu_666_p2        |         -|   0|  0|  23|          16|          16|
    |sub_ln703_7_fu_684_p2        |         -|   0|  0|  23|          16|          16|
    |sub_ln703_8_fu_764_p2        |         -|   0|  0|  23|          16|          16|
    |sub_ln703_9_fu_779_p2        |         -|   0|  0|  23|          16|          16|
    |icmp_ln1494_fu_206_p2        |      icmp|   0|  0|  13|          17|          15|
    |icmp_ln1495_fu_218_p2        |      icmp|   0|  0|  13|          17|          16|
    |or_ln1494_fu_254_p2          |        or|   0|  0|   2|           1|           1|
    |alpha_V_2_fu_238_p3          |    select|   0|  0|  17|           1|          17|
    |flag_V_fu_260_p3             |    select|   0|  0|   2|           1|           2|
    |mycos_V_fu_1621_p3           |    select|   0|  0|  16|           1|          16|
    |select_ln1333_fu_546_p3      |    select|   0|  0|  14|           1|          14|
    |select_ln1494_1_fu_246_p3    |    select|   0|  0|   3|           1|           3|
    |select_ln1496_10_fu_416_p3   |    select|   0|  0|  11|           1|          11|
    |select_ln1496_11_fu_850_p3   |    select|   0|  0|  16|           1|          16|
    |select_ln1496_12_fu_857_p3   |    select|   0|  0|  16|           1|          16|
    |select_ln1496_13_fu_450_p3   |    select|   0|  0|  10|           1|          10|
    |select_ln1496_14_fu_944_p3   |    select|   0|  0|  16|           1|          16|
    |select_ln1496_15_fu_951_p3   |    select|   0|  0|  16|           1|          16|
    |select_ln1496_16_fu_484_p3   |    select|   0|  0|   9|           1|           9|
    |select_ln1496_17_fu_1010_p3  |    select|   0|  0|  16|           1|          16|
    |select_ln1496_18_fu_1017_p3  |    select|   0|  0|  16|           1|          16|
    |select_ln1496_19_fu_724_p3   |    select|   0|  0|   8|           1|           8|
    |select_ln1496_1_fu_314_p3    |    select|   0|  0|  14|           1|          14|
    |select_ln1496_20_fu_1104_p3  |    select|   0|  0|  16|           1|          16|
    |select_ln1496_21_fu_1111_p3  |    select|   0|  0|  16|           1|          16|
    |select_ln1496_22_fu_884_p3   |    select|   0|  0|   7|           1|           7|
    |select_ln1496_23_fu_1170_p3  |    select|   0|  0|  16|           1|          16|
    |select_ln1496_24_fu_1177_p3  |    select|   0|  0|  16|           1|          16|
    |select_ln1496_25_fu_1044_p3  |    select|   0|  0|   6|           1|           6|
    |select_ln1496_26_fu_1264_p3  |    select|   0|  0|  16|           1|          16|
    |select_ln1496_27_fu_1271_p3  |    select|   0|  0|  16|           1|          16|
    |select_ln1496_28_fu_1204_p3  |    select|   0|  0|   5|           1|           5|
    |select_ln1496_29_fu_1330_p3  |    select|   0|  0|  16|           1|          16|
    |select_ln1496_2_fu_620_p3    |    select|   0|  0|  15|           1|          15|
    |select_ln1496_30_fu_1337_p3  |    select|   0|  0|  16|           1|          16|
    |select_ln1496_31_fu_1344_p3  |    select|   0|  0|   5|           1|           5|
    |select_ln1496_32_fu_1424_p3  |    select|   0|  0|  16|           1|          16|
    |select_ln1496_33_fu_1431_p3  |    select|   0|  0|  16|           1|          16|
    |select_ln1496_34_fu_1438_p3  |    select|   0|  0|   3|           1|           3|
    |select_ln1496_35_fu_1516_p3  |    select|   0|  0|  16|           1|          16|
    |select_ln1496_36_fu_1524_p3  |    select|   0|  0|  16|           1|          16|
    |select_ln1496_37_fu_1540_p3  |    select|   0|  0|   3|           1|           3|
    |select_ln1496_3_fu_631_p3    |    select|   0|  0|  16|           1|          16|
    |select_ln1496_4_fu_348_p3    |    select|   0|  0|  13|           1|          13|
    |select_ln1496_5_fu_690_p3    |    select|   0|  0|  16|           1|          16|
    |select_ln1496_6_fu_697_p3    |    select|   0|  0|  16|           1|          16|
    |select_ln1496_7_fu_382_p3    |    select|   0|  0|  12|           1|          12|
    |select_ln1496_8_fu_784_p3    |    select|   0|  0|  16|           1|          16|
    |select_ln1496_9_fu_791_p3    |    select|   0|  0|  16|           1|          16|
    |select_ln1496_fu_557_p3      |    select|   0|  0|  15|           1|          15|
    |select_ln24_fu_230_p3        |    select|   0|  0|  17|           1|          17|
    |select_ln68_fu_284_p3        |    select|   0|  0|  15|           1|          14|
    |select_ln703_1_fu_525_p3     |    select|   0|  0|  14|           1|          14|
    |select_ln703_2_fu_532_p3     |    select|   0|  0|  13|           1|          13|
    |select_ln703_3_fu_539_p3     |    select|   0|  0|  15|           1|          15|
    |select_ln703_fu_518_p3       |    select|   0|  0|  13|           1|          12|
    |sin_out                      |    select|   0|  0|  16|           1|          16|
    |ap_enable_pp0                |       xor|   0|  0|   2|           1|           2|
    +-----------------------------+----------+----+---+----+------------+------------+
    |Total                        |          |   0|  0|2416|        1409|        1915|
    +-----------------------------+----------+----+---+----+------------+------------+

    * Multiplexer: 
    +---------+----+-----------+-----+-----------+
    |   Name  | LUT| Input Size| Bits| Total Bits|
    +---------+----+-----------+-----+-----------+
    |cos_out  |  14|          3|   16|         48|
    +---------+----+-----------+-----+-----------+
    |Total    |  14|          3|   16|         48|
    +---------+----+-----------+-----+-----------+

    * Register: 
    +--------------------------------+----+----+-----+-----------+
    |              Name              | FF | LUT| Bits| Const Bits|
    +--------------------------------+----+----+-----+-----------+
    |add_ln1496_11_reg_1739          |  17|   0|   17|          0|
    |add_ln1496_13_reg_1777          |  17|   0|   17|          0|
    |add_ln1496_15_reg_1815          |  17|   0|   17|          0|
    |add_ln1496_17_reg_1853          |  17|   0|   17|          0|
    |add_ln1496_19_reg_1891          |  17|   0|   17|          0|
    |add_ln1496_1_reg_1659           |  17|   0|   17|          0|
    |add_ln1496_21_reg_1919          |  17|   0|   17|          0|
    |add_ln1496_23_reg_1945          |  17|   0|   17|          0|
    |add_ln1496_3_reg_1675           |  17|   0|   17|          0|
    |add_ln1496_5_reg_1691           |  17|   0|   17|          0|
    |add_ln1496_7_reg_1707           |  17|   0|   17|          0|
    |add_ln1496_9_reg_1723           |  17|   0|   17|          0|
    |add_ln68_reg_1643               |  17|   0|   17|          0|
    |ap_CS_fsm                       |   1|   0|    1|          0|
    |ap_enable_reg_pp0_iter1         |   1|   0|    1|          0|
    |ap_enable_reg_pp0_iter10        |   1|   0|    1|          0|
    |ap_enable_reg_pp0_iter11        |   1|   0|    1|          0|
    |ap_enable_reg_pp0_iter12        |   1|   0|    1|          0|
    |ap_enable_reg_pp0_iter13        |   1|   0|    1|          0|
    |ap_enable_reg_pp0_iter2         |   1|   0|    1|          0|
    |ap_enable_reg_pp0_iter3         |   1|   0|    1|          0|
    |ap_enable_reg_pp0_iter4         |   1|   0|    1|          0|
    |ap_enable_reg_pp0_iter5         |   1|   0|    1|          0|
    |ap_enable_reg_pp0_iter6         |   1|   0|    1|          0|
    |ap_enable_reg_pp0_iter7         |   1|   0|    1|          0|
    |ap_enable_reg_pp0_iter8         |   1|   0|    1|          0|
    |ap_enable_reg_pp0_iter9         |   1|   0|    1|          0|
    |flag_V_reg_1631                 |   2|   0|    2|          0|
    |select_ln1496_11_reg_1793       |  16|   0|   16|          0|
    |select_ln1496_12_reg_1799       |  16|   0|   16|          0|
    |select_ln1496_17_reg_1831       |  16|   0|   16|          0|
    |select_ln1496_18_reg_1837       |  16|   0|   16|          0|
    |select_ln1496_23_reg_1869       |  16|   0|   16|          0|
    |select_ln1496_24_reg_1875       |  16|   0|   16|          0|
    |select_ln1496_29_reg_1907       |  16|   0|   16|          0|
    |select_ln1496_30_reg_1913       |  16|   0|   16|          0|
    |select_ln1496_35_reg_1950       |  16|   0|   16|          0|
    |select_ln1496_36_reg_1956       |  16|   0|   16|          0|
    |select_ln1496_37_reg_1962       |   1|   0|   17|         16|
    |select_ln1496_5_reg_1755        |  16|   0|   16|          0|
    |select_ln1496_6_reg_1761        |  16|   0|   16|          0|
    |tmp_10_reg_1702                 |   1|   0|    1|          0|
    |tmp_11_reg_1712                 |   1|   0|    1|          0|
    |tmp_12_reg_1718                 |   1|   0|    1|          0|
    |tmp_13_reg_1728                 |   1|   0|    1|          0|
    |tmp_14_reg_1734                 |   1|   0|    1|          0|
    |tmp_15_reg_1744                 |   1|   0|    1|          0|
    |tmp_16_reg_1750                 |   1|   0|    1|          0|
    |tmp_17_reg_1782                 |   1|   0|    1|          0|
    |tmp_18_reg_1788                 |   1|   0|    1|          0|
    |tmp_19_reg_1820                 |   1|   0|    1|          0|
    |tmp_19_reg_1820_pp0_iter9_reg   |   1|   0|    1|          0|
    |tmp_20_reg_1826                 |   1|   0|    1|          0|
    |tmp_21_reg_1858                 |   1|   0|    1|          0|
    |tmp_21_reg_1858_pp0_iter10_reg  |   1|   0|    1|          0|
    |tmp_22_reg_1864                 |   1|   0|    1|          0|
    |tmp_23_reg_1896                 |   1|   0|    1|          0|
    |tmp_24_reg_1902                 |   1|   0|    1|          0|
    |tmp_25_reg_1924                 |   1|   0|    1|          0|
    |tmp_26_reg_1940                 |   1|   0|    1|          0|
    |tmp_2_reg_1648                  |   1|   0|    1|          0|
    |tmp_3_reg_1654                  |   1|   0|    1|          0|
    |tmp_4_reg_1664                  |   1|   0|    1|          0|
    |tmp_5_reg_1670                  |   1|   0|    1|          0|
    |tmp_6_reg_1680                  |   1|   0|    1|          0|
    |tmp_8_reg_1686                  |   1|   0|    1|          0|
    |tmp_9_reg_1696                  |   1|   0|    1|          0|
    |tmp_reg_1635                    |   1|   0|    1|          0|
    |trunc_ln1333_10_reg_1848        |   8|   0|    8|          0|
    |trunc_ln1333_13_reg_1881        |   6|   0|    6|          0|
    |trunc_ln1333_14_reg_1886        |   6|   0|    6|          0|
    |trunc_ln1333_17_reg_1930        |   4|   0|    4|          0|
    |trunc_ln1333_18_reg_1935        |   4|   0|    4|          0|
    |trunc_ln1333_21_reg_1967        |   2|   0|    2|          0|
    |trunc_ln1333_22_reg_1972        |   2|   0|    2|          0|
    |trunc_ln1333_2_reg_1843         |   8|   0|    8|          0|
    |trunc_ln1333_3_reg_1767         |  12|   0|   12|          0|
    |trunc_ln1333_4_reg_1772         |  12|   0|   12|          0|
    |trunc_ln1333_7_reg_1805         |  10|   0|   10|          0|
    |trunc_ln1333_8_reg_1810         |  10|   0|   10|          0|
    |flag_V_reg_1631                 |  64|  32|    2|          0|
    |tmp_11_reg_1712                 |  64|  32|    1|          0|
    |tmp_13_reg_1728                 |  64|  32|    1|          0|
    |tmp_15_reg_1744                 |  64|  32|    1|          0|
    |tmp_17_reg_1782                 |  64|  32|    1|          0|
    |tmp_2_reg_1648                  |  64|  32|    1|          0|
    |tmp_4_reg_1664                  |  64|  32|    1|          0|
    |tmp_6_reg_1680                  |  64|  32|    1|          0|
    |tmp_9_reg_1696                  |  64|  32|    1|          0|
    |tmp_reg_1635                    |  64|  32|    1|          0|
    +--------------------------------+----+----+-----+-----------+
    |Total                           |1181| 320|  568|         16|
    +--------------------------------+----+----+-----+-----------+



================================================================
== Interface
================================================================
* Summary: 
+----------------+-----+-----+------------+--------------+--------------+
|    RTL Ports   | Dir | Bits|  Protocol  | Source Object|    C Type    |
+----------------+-----+-----+------------+--------------+--------------+
|ap_clk          |   in|    1|  ap_ctrl_hs|        cordic|  return value|
|ap_rst          |   in|    1|  ap_ctrl_hs|        cordic|  return value|
|ap_start        |   in|    1|  ap_ctrl_hs|        cordic|  return value|
|ap_done         |  out|    1|  ap_ctrl_hs|        cordic|  return value|
|ap_idle         |  out|    1|  ap_ctrl_hs|        cordic|  return value|
|ap_ready        |  out|    1|  ap_ctrl_hs|        cordic|  return value|
|full_alpha      |   in|   17|     ap_none|    full_alpha|        scalar|
|sin_out         |  out|   16|      ap_vld|       sin_out|       pointer|
|sin_out_ap_vld  |  out|    1|      ap_vld|       sin_out|       pointer|
|cos_out         |  out|   16|      ap_vld|       cos_out|       pointer|
|cos_out_ap_vld  |  out|    1|      ap_vld|       cos_out|       pointer|
+----------------+-----+-----+------------+--------------+--------------+

