

================================================================
== Synthesis Summary Report of 'cordic'
================================================================
+ General Information: 
    * Date:           Mon Oct  3 15:58:11 2022
    * Version:        2020.2 (Build 3064766 on Wed Nov 18 09:12:47 MST 2020)
    * Project:        cordic
    * Solution:       s_pipeline (Vivado IP Flow Target)
    * Product family: zynq
    * Target device:  xc7z010-clg400-1
    

+ Performance & Resource Estimates: 
    
    PS: '+' for module; 'o' for loop; '*' for dataflow
    +-------------------------------+------+-------+---------+---------+----------+---------+------+----------+------+----+----------+------------+-----+
    |            Modules            | Issue|       | Latency | Latency | Iteration|         | Trip |          |      |    |          |            |     |
    |            & Loops            | Type | Slack | (cycles)|   (ns)  |  Latency | Interval| Count| Pipelined| BRAM | DSP|    FF    |     LUT    | URAM|
    +-------------------------------+------+-------+---------+---------+----------+---------+------+----------+------+----+----------+------------+-----+
    |+ cordic                       |     -|  -0.41|       15|  150.000|         -|       16|     -|        no|     -|   -|  594 (1%)|  2545 (14%)|    -|
    | + grp_cordic_calculate_fu_62  |     -|  -0.51|       12|  120.000|         -|       12|     -|        no|     -|   -|  552 (1%)|  2368 (13%)|    -|
    +-------------------------------+------+-------+---------+---------+----------+---------+------+----------+------+----+----------+------------+-----+

